Error sintáctico en línea 20, col 5: Sentencia inválida
Error sintáctico en línea 30, col 9: Sentencia inválida